Archive member included because of file (symbol)

c:/users/amali/downloads/embestucm/sourcery-g++-lite-arm-2011.03/bin/../lib/gcc/arm-none-eabi/4.5.2\libgcc.a(_divsi3.o)
                              ./commonEclipse/44blib.o (__aeabi_idiv)
c:/users/amali/downloads/embestucm/sourcery-g++-lite-arm-2011.03/bin/../lib/gcc/arm-none-eabi/4.5.2\libgcc.a(_dvmd_tls.o)
                              c:/users/amali/downloads/embestucm/sourcery-g++-lite-arm-2011.03/bin/../lib/gcc/arm-none-eabi/4.5.2\libgcc.a(_divsi3.o) (__aeabi_idiv0)

Allocating common symbols
Common symbol       size              file

led_state           0x4               ./led.o
fileSize            0x4               ./commonEclipse/44blib.o
contador            0x4               ./main.o
which_int           0x4               ./button.o
downPt              0x4               ./commonEclipse/44blib.o

Memory Configuration

Name             Origin             Length             Attributes
*default*        0x00000000         0xffffffff

Linker script and memory map

LOAD ./commonEclipse/44binit.o
LOAD ./commonEclipse/44blib.o
LOAD ./8led.o
LOAD ./button.o
LOAD ./init.o
LOAD ./led.o
LOAD ./main.o
START GROUP
LOAD c:/users/amali/downloads/embestucm/sourcery-g++-lite-arm-2011.03/bin/../lib/gcc/arm-none-eabi/4.5.2\libgcc.a
LOAD c:/users/amali/downloads/embestucm/sourcery-g++-lite-arm-2011.03/bin/../lib/gcc/arm-none-eabi/4.5.2/../../../../arm-none-eabi/lib\libc.a
END GROUP
                0x0c000000                . = 0xc000000
                0x0c000000                Image_RO_Base = .

.text           0x0c000000     0x116c
 *(.text)
 .text          0x0c000000      0x70c ./commonEclipse/44binit.o
 .text          0x0c00070c      0x444 ./commonEclipse/44blib.o
                0x0c00070c                Delay
                0x0c000840                DelayMs
                0x0c0008a0                Port_Init
                0x0c000a2c                malloc
                0x0c000ac8                free
                0x0c000af4                sys_init
 .text          0x0c000b50       0x58 ./8led.o
                0x0c000b50                D8Led_init
                0x0c000b70                D8Led_symbol
 .text          0x0c000ba8      0x1b4 ./button.o
                0x0c000ba8                Eint4567_init
                0x0c000c6c                Eint4567_ISR
 .text          0x0c000d5c       0x1c ./init.o
                0x0c000d5c                start
 .text          0x0c000d78      0x210 ./led.o
                0x0c000d78                leds_on
                0x0c000d94                leds_off
                0x0c000db0                led1_on
                0x0c000dec                led1_off
                0x0c000e28                led2_on
                0x0c000e64                led2_off
                0x0c000ea0                leds_switch
                0x0c000edc                Led_Display
 .text          0x0c000f88       0x98 ./main.o
                0x0c000f88                buttons_init
                0x0c001000                Main
 .text          0x0c001020      0x148 c:/users/amali/downloads/embestucm/sourcery-g++-lite-arm-2011.03/bin/../lib/gcc/arm-none-eabi/4.5.2\libgcc.a(_divsi3.o)
                0x0c001020                __divsi3
                0x0c001020                __aeabi_idiv
                0x0c001148                __aeabi_idivmod
 .text          0x0c001168        0x4 c:/users/amali/downloads/embestucm/sourcery-g++-lite-arm-2011.03/bin/../lib/gcc/arm-none-eabi/4.5.2\libgcc.a(_dvmd_tls.o)
                0x0c001168                __aeabi_idiv0
                0x0c001168                __aeabi_ldiv0
                0x0c00116c                Image_RO_Limit = .
                0x0c00116c                Image_RW_Base = .

.glue_7         0x0c00116c        0x0
 .glue_7        0x00000000        0x0 linker stubs

.glue_7t        0x0c00116c        0x0
 .glue_7t       0x00000000        0x0 linker stubs

.vfp11_veneer   0x0c00116c        0x0
 .vfp11_veneer  0x00000000        0x0 linker stubs

.v4_bx          0x0c00116c        0x0
 .v4_bx         0x00000000        0x0 linker stubs

.data           0x0c00116c       0x2c
 *(.data)
 .data          0x0c00116c        0x6 ./commonEclipse/44binit.o
                0x0c00116c                BDRAMTYPE
 *fill*         0x0c001172        0x2 00
 .data          0x0c001174        0xc ./commonEclipse/44blib.o
                0x0c001174                mallocPt
                0x0c001178                run
 .data          0x0c001180       0x18 ./8led.o
                0x0c001180                Symbol
 .data          0x0c001198        0x0 ./button.o
 .data          0x0c001198        0x0 ./init.o
 .data          0x0c001198        0x0 ./led.o
 .data          0x0c001198        0x0 ./main.o
 .data          0x0c001198        0x0 c:/users/amali/downloads/embestucm/sourcery-g++-lite-arm-2011.03/bin/../lib/gcc/arm-none-eabi/4.5.2\libgcc.a(_divsi3.o)
 .data          0x0c001198        0x0 c:/users/amali/downloads/embestucm/sourcery-g++-lite-arm-2011.03/bin/../lib/gcc/arm-none-eabi/4.5.2\libgcc.a(_dvmd_tls.o)

.rodata
 *(.rodata)
                0x0c001198                Image_RW_Limit = .
                0x0c001198                Image_ZI_Base = .

.bss            0x0c001198       0x1c
 *(.bss)
 .bss           0x0c001198        0x0 ./commonEclipse/44binit.o
 .bss           0x0c001198        0x4 ./commonEclipse/44blib.o
                0x0c001198                restart
 .bss           0x0c00119c        0x0 ./8led.o
 .bss           0x0c00119c        0x4 ./button.o
                0x0c00119c                symbol
 .bss           0x0c0011a0        0x0 ./init.o
 .bss           0x0c0011a0        0x0 ./led.o
 .bss           0x0c0011a0        0x0 ./main.o
 .bss           0x0c0011a0        0x0 c:/users/amali/downloads/embestucm/sourcery-g++-lite-arm-2011.03/bin/../lib/gcc/arm-none-eabi/4.5.2\libgcc.a(_divsi3.o)
 .bss           0x0c0011a0        0x0 c:/users/amali/downloads/embestucm/sourcery-g++-lite-arm-2011.03/bin/../lib/gcc/arm-none-eabi/4.5.2\libgcc.a(_dvmd_tls.o)
 COMMON         0x0c0011a0        0x8 ./commonEclipse/44blib.o
                0x0c0011a0                fileSize
                0x0c0011a4                downPt
 COMMON         0x0c0011a8        0x4 ./button.o
                0x0c0011a8                which_int
 COMMON         0x0c0011ac        0x4 ./led.o
                0x0c0011ac                led_state
 COMMON         0x0c0011b0        0x4 ./main.o
                0x0c0011b0                contador
                0x0c0011b4                Image_ZI_Limit = .
                0x0c0011b4                __bss_start__ = .
                0x0c0011b4                __bss_end__ = .
                0x0c0011b4                __EH_FRAME_BEGIN__ = .
                0x0c0011b4                __EH_FRAME_END__ = .
                0x0c0011b4                PROVIDE (__stack, .)
                0x0c0011b4                end = .
                0x0c0011b4                _end = .

.ARM.attributes
                0x00000000       0x2e
 .ARM.attributes
                0x00000000       0x22 ./commonEclipse/44binit.o
 .ARM.attributes
                0x00000022       0x32 ./commonEclipse/44blib.o
 .ARM.attributes
                0x00000054       0x32 ./8led.o
 .ARM.attributes
                0x00000086       0x32 ./button.o
 .ARM.attributes
                0x000000b8       0x22 ./init.o
 .ARM.attributes
                0x000000da       0x32 ./led.o
 .ARM.attributes
                0x0000010c       0x32 ./main.o
 .ARM.attributes
                0x0000013e       0x1a c:/users/amali/downloads/embestucm/sourcery-g++-lite-arm-2011.03/bin/../lib/gcc/arm-none-eabi/4.5.2\libgcc.a(_divsi3.o)
 .ARM.attributes
                0x00000158       0x18 c:/users/amali/downloads/embestucm/sourcery-g++-lite-arm-2011.03/bin/../lib/gcc/arm-none-eabi/4.5.2\libgcc.a(_dvmd_tls.o)

.comment        0x00000000       0x2a
 .comment       0x00000000       0x2a ./commonEclipse/44blib.o
                                 0x2b (size before relaxing)
 .comment       0x00000000       0x2b ./8led.o
 .comment       0x00000000       0x2b ./button.o
 .comment       0x00000000       0x2b ./led.o
 .comment       0x00000000       0x2b ./main.o

.debug_info     0x00000000      0x638
 *(.debug_info)
 .debug_info    0x00000000       0x6e ./commonEclipse/44binit.o
 .debug_info    0x0000006e      0x229 ./commonEclipse/44blib.o
 .debug_info    0x00000297       0xa4 ./8led.o
 .debug_info    0x0000033b       0xea ./button.o
 .debug_info    0x00000425       0x5d ./init.o
 .debug_info    0x00000482      0x104 ./led.o
 .debug_info    0x00000586       0xb2 ./main.o

.debug_line     0x00000000      0xa72
 *(.debug_line)
 .debug_line    0x00000000      0x116 ./commonEclipse/44binit.o
 .debug_line    0x00000116      0x3c9 ./commonEclipse/44blib.o
 .debug_line    0x000004df       0x8f ./8led.o
 .debug_line    0x0000056e       0xb3 ./button.o
 .debug_line    0x00000621       0x3d ./init.o
 .debug_line    0x0000065e       0xab ./led.o
 .debug_line    0x00000709      0x369 ./main.o

.debug_abbrev   0x00000000      0x364
 *(.debug_abbrev)
 .debug_abbrev  0x00000000       0x14 ./commonEclipse/44binit.o
 .debug_abbrev  0x00000014      0x11f ./commonEclipse/44blib.o
 .debug_abbrev  0x00000133       0x9b ./8led.o
 .debug_abbrev  0x000001ce       0xa1 ./button.o
 .debug_abbrev  0x0000026f       0x14 ./init.o
 .debug_abbrev  0x00000283       0x7c ./led.o
 .debug_abbrev  0x000002ff       0x65 ./main.o

.debug_frame    0x00000000      0x2dc
 *(.debug_frame)
 .debug_frame   0x00000000       0xc0 ./commonEclipse/44blib.o
 .debug_frame   0x000000c0       0x48 ./8led.o
 .debug_frame   0x00000108       0x5c ./button.o
 .debug_frame   0x00000164      0x10c ./led.o
 .debug_frame   0x00000270       0x4c ./main.o
 .debug_frame   0x000002bc       0x20 c:/users/amali/downloads/embestucm/sourcery-g++-lite-arm-2011.03/bin/../lib/gcc/arm-none-eabi/4.5.2\libgcc.a(_divsi3.o)
OUTPUT(Project1.elf elf32-littlearm)

.debug_aranges  0x00000000       0xe0
 .debug_aranges
                0x00000000       0x20 ./commonEclipse/44binit.o
 .debug_aranges
                0x00000020       0x20 ./commonEclipse/44blib.o
 .debug_aranges
                0x00000040       0x20 ./8led.o
 .debug_aranges
                0x00000060       0x20 ./button.o
 .debug_aranges
                0x00000080       0x20 ./init.o
 .debug_aranges
                0x000000a0       0x20 ./led.o
 .debug_aranges
                0x000000c0       0x20 ./main.o

.debug_macinfo  0x00000000    0x1f1c6
 .debug_macinfo
                0x00000000     0x82fb ./commonEclipse/44blib.o
 .debug_macinfo
                0x000082fb     0x512b ./8led.o
 .debug_macinfo
                0x0000d426     0x5227 ./button.o
 .debug_macinfo
                0x0001264d     0x50a3 ./led.o
 .debug_macinfo
                0x000176f0     0x7ad6 ./main.o

.debug_loc      0x00000000      0x370
 .debug_loc     0x00000000      0x108 ./commonEclipse/44blib.o
 .debug_loc     0x00000108       0x58 ./8led.o
 .debug_loc     0x00000160       0x58 ./button.o
 .debug_loc     0x000001b8      0x160 ./led.o
 .debug_loc     0x00000318       0x58 ./main.o

.debug_pubnames
                0x00000000      0x1df
 .debug_pubnames
                0x00000000       0x90 ./commonEclipse/44blib.o
 .debug_pubnames
                0x00000090       0x3d ./8led.o
 .debug_pubnames
                0x000000cd       0x4e ./button.o
 .debug_pubnames
                0x0000011b       0x8b ./led.o
 .debug_pubnames
                0x000001a6       0x39 ./main.o

.debug_pubtypes
                0x00000000       0x24
 .debug_pubtypes
                0x00000000       0x12 ./commonEclipse/44blib.o
 .debug_pubtypes
                0x00000012       0x12 ./main.o

.debug_str      0x00000000      0x215
 .debug_str     0x00000000      0x128 ./commonEclipse/44blib.o
                                0x166 (size before relaxing)
 .debug_str     0x00000128       0x2f ./8led.o
                                 0x70 (size before relaxing)
 .debug_str     0x00000157       0x53 ./button.o
                                 0x8e (size before relaxing)
 .debug_str     0x000001aa       0x4f ./led.o
                                 0x9c (size before relaxing)
 .debug_str     0x000001f9       0x1c ./main.o
                                 0xe2 (size before relaxing)
